[    0.000000] Initializing cgroup subsys cpuset
[    0.000000] Initializing cgroup subsys cpu
[    0.000000] Initializing cgroup subsys cpuacct
[    0.000000] Linux version 4.4.0-210-generic (buildd@lgw01-amd64-009) (gcc version 5.4.0 20160609 (Ubuntu 5.4.0-6ubuntu1~16.04.12) ) #242-Ubuntu SMP Fri Apr 16 09:57:56 UTC 2021 (Ubuntu 4.4.0-210.242-generic 4.4.262)
[    0.000000] Command line: BOOT_IMAGE=/boot/vmlinuz-4.4.0-210-generic root=LABEL=cloudimg-rootfs ro console=tty1 console=ttyS0
[    0.000000] KERNEL supported cpus:
[    0.000000]   Intel GenuineIntel
[    0.000000]   AMD AuthenticAMD
[    0.000000]   Centaur CentaurHauls
[    0.000000] x86/fpu: xstate_offset[2]:  576, xstate_sizes[2]:  256
[    0.000000] x86/fpu: Supporting XSAVE feature 0x01: 'x87 floating point registers'
[    0.000000] x86/fpu: Supporting XSAVE feature 0x02: 'SSE registers'
[    0.000000] x86/fpu: Supporting XSAVE feature 0x04: 'AVX registers'
[    0.000000] x86/fpu: Enabled xstate features 0x7, context size is 832 bytes, using 'standard' format.
[    0.000000] e820: BIOS-provided physical RAM map:
[    0.000000] BIOS-e820: [mem 0x0000000000000000-0x000000000009fbff] usable
[    0.000000] BIOS-e820: [mem 0x000000000009fc00-0x000000000009ffff] reserved
[    0.000000] BIOS-e820: [mem 0x00000000000f0000-0x00000000000fffff] reserved
[    0.000000] BIOS-e820: [mem 0x0000000000100000-0x000000003ffeffff] usable
[    0.000000] BIOS-e820: [mem 0x000000003fff0000-0x000000003fffffff] ACPI data
[    0.000000] BIOS-e820: [mem 0x00000000fec00000-0x00000000fec00fff] reserved
[    0.000000] BIOS-e820: [mem 0x00000000fee00000-0x00000000fee00fff] reserved
[    0.000000] BIOS-e820: [mem 0x00000000fffc0000-0x00000000ffffffff] reserved
[    0.000000] NX (Execute Disable) protection: active
[    0.000000] SMBIOS 2.5 present.
[    0.000000] Hypervisor detected: KVM
[    0.000000] e820: last_pfn = 0x3fff0 max_arch_pfn = 0x400000000
[    0.000000] MTRR: Disabled
[    0.000000] x86/PAT: MTRRs disabled, skipping PAT initialization too.
[    0.000000] CPU MTRRs all blank - virtualized system.
[    0.000000] x86/PAT: Configuration [0-7]: WB  WT  UC- UC  WB  WT  UC- UC  
[    0.000000] found SMP MP-table at [mem 0x0009fff0-0x0009ffff] mapped at [ffff88000009fff0]
[    0.000000] Scanning 1 areas for low memory corruption
[    0.000000] RAMDISK: [mem 0x362dc000-0x37165fff]
[    0.000000] ACPI: Early table checksum verification disabled
[    0.000000] ACPI: RSDP 0x00000000000E0000 000024 (v02 VBOX  )
[    0.000000] ACPI: XSDT 0x000000003FFF0030 00003C (v01 VBOX   VBOXXSDT 00000001 ASL  00000061)
[    0.000000] ACPI: FACP 0x000000003FFF00F0 0000F4 (v04 VBOX   VBOXFACP 00000001 ASL  00000061)
[    0.000000] ACPI: DSDT 0x000000003FFF0470 002325 (v02 VBOX   VBOXBIOS 00000002 INTL 20100528)
[    0.000000] ACPI: FACS 0x000000003FFF0200 000040
[    0.000000] ACPI: FACS 0x000000003FFF0200 000040
[    0.000000] ACPI: APIC 0x000000003FFF0240 00005C (v02 VBOX   VBOXAPIC 00000001 ASL  00000061)
[    0.000000] ACPI: SSDT 0x000000003FFF02A0 0001CC (v01 VBOX   VBOXCPUT 00000002 INTL 20100528)
[    0.000000] No NUMA configuration found
[    0.000000] Faking a node at [mem 0x0000000000000000-0x000000003ffeffff]
[    0.000000] NODE_DATA(0) allocated [mem 0x3ffeb000-0x3ffeffff]
[    0.000000] kvm-clock: Using msrs 4b564d01 and 4b564d00
[    0.000000] kvm-clock: cpu 0, msr 0:3ffe3001, primary cpu clock
[    0.000000] kvm-clock: using sched offset of 3915037271 cycles
[    0.000000] clocksource: kvm-clock: mask: 0xffffffffffffffff max_cycles: 0x1cd42e4dffb, max_idle_ns: 881590591483 ns
[    0.000000] Zone ranges:
[    0.000000]   DMA      [mem 0x0000000000001000-0x0000000000ffffff]
[    0.000000]   DMA32    [mem 0x0000000001000000-0x000000003ffeffff]
[    0.000000]   Normal   empty
[    0.000000]   Device   empty
[    0.000000] Movable zone start for each node
[    0.000000] Early memory node ranges
[    0.000000]   node   0: [mem 0x0000000000001000-0x000000000009efff]
[    0.000000]   node   0: [mem 0x0000000000100000-0x000000003ffeffff]
[    0.000000] Initmem setup node 0 [mem 0x0000000000001000-0x000000003ffeffff]
[    0.000000] ACPI: PM-Timer IO Port: 0x4008
[    0.000000] IOAPIC[0]: apic_id 2, version 32, address 0xfec00000, GSI 0-23
[    0.000000] ACPI: INT_SRC_OVR (bus 0 bus_irq 0 global_irq 2 dfl dfl)
[    0.000000] ACPI: INT_SRC_OVR (bus 0 bus_irq 9 global_irq 9 low level)
[    0.000000] Using ACPI (MADT) for SMP configuration information
[    0.000000] smpboot: Allowing 2 CPUs, 0 hotplug CPUs
[    0.000000] PM: Registered nosave memory: [mem 0x00000000-0x00000fff]
[    0.000000] PM: Registered nosave memory: [mem 0x0009f000-0x0009ffff]
[    0.000000] PM: Registered nosave memory: [mem 0x000a0000-0x000effff]
[    0.000000] PM: Registered nosave memory: [mem 0x000f0000-0x000fffff]
[    0.000000] e820: [mem 0x40000000-0xfebfffff] available for PCI devices
[    0.000000] Booting paravirtualized kernel on KVM
[    0.000000] clocksource: refined-jiffies: mask: 0xffffffff max_cycles: 0xffffffff, max_idle_ns: 7645519600211568 ns
[    0.000000] setup_percpu: NR_CPUS:512 nr_cpumask_bits:512 nr_cpu_ids:2 nr_node_ids:1
[    0.000000] PERCPU: Embedded 33 pages/cpu @ffff88003fc00000 s95192 r8192 d31784 u1048576
[    0.000000] Built 1 zonelists in Node order, mobility grouping on.  Total pages: 257912
[    0.000000] Policy zone: DMA32
[    0.000000] Kernel command line: BOOT_IMAGE=/boot/vmlinuz-4.4.0-210-generic root=LABEL=cloudimg-rootfs ro console=tty1 console=ttyS0
[    0.000000] PID hash table entries: 4096 (order: 3, 32768 bytes)
[    0.000000] Memory: 997792K/1048120K available (8644K kernel code, 1332K rwdata, 4044K rodata, 1492K init, 1164K bss, 50328K reserved, 0K cma-reserved)
[    0.000000] SLUB: HWalign=64, Order=0-3, MinObjects=0, CPUs=2, Nodes=1
[    0.000000] Kernel/User page tables isolation: enabled
[    0.000000] Hierarchical RCU implementation.
[    0.000000] 	Build-time adjustment of leaf fanout to 64.
[    0.000000] 	RCU restricting CPUs from NR_CPUS=512 to nr_cpu_ids=2.
[    0.000000] RCU: Adjusting geometry for rcu_fanout_leaf=64, nr_cpu_ids=2
[    0.000000] NR_IRQS:33024 nr_irqs:440 16
[    0.000000] Console: colour VGA+ 80x25
[    0.000000] console [tty1] enabled
[    0.000000] console [ttyS0] enabled
[    0.000000] tsc: Detected 2808.006 MHz processor
[    0.313605] Calibrating delay loop (skipped) preset value.. 5616.01 BogoMIPS (lpj=11232024)
[    0.315974] pid_max: default: 32768 minimum: 301
[    0.317477] ACPI: Core revision 20150930
[    0.321829] ACPI: 2 ACPI AML tables successfully acquired and loaded
[    0.325042] Security Framework initialized
[    0.327068] Yama: becoming mindful.
[    0.328652] AppArmor: AppArmor initialized
[    0.330758] Dentry cache hash table entries: 131072 (order: 8, 1048576 bytes)
[    0.339068] Inode-cache hash table entries: 65536 (order: 7, 524288 bytes)
[    0.342242] Mount-cache hash table entries: 2048 (order: 2, 16384 bytes)
[    0.344716] Mountpoint-cache hash table entries: 2048 (order: 2, 16384 bytes)
[    0.347752] Initializing cgroup subsys io
[    0.349349] Initializing cgroup subsys memory
[    0.350827] Initializing cgroup subsys devices
[    0.352357] Initializing cgroup subsys freezer
[    0.353938] Initializing cgroup subsys net_cls
[    0.355589] Initializing cgroup subsys perf_event
[    0.357922] Initializing cgroup subsys net_prio
[    0.360043] Initializing cgroup subsys hugetlb
[    0.362368] Initializing cgroup subsys pids
[    0.384338] mce: CPU supports 0 MCE banks
[    0.386539] Last level iTLB entries: 4KB 64, 2MB 8, 4MB 8
[    0.388994] Last level dTLB entries: 4KB 64, 2MB 0, 4MB 0, 1GB 4
[    0.391661] Spectre V1 : Mitigation: usercopy/swapgs barriers and __user pointer sanitization
[    0.396928] Spectre V2 : Mitigation: Full generic retpoline
[    0.400511] Spectre V2 : Spectre v2 / SpectreRSB mitigation: Filling RSB on context switch
[    0.405255] Speculative Store Bypass: Vulnerable
[    0.408001] SRBDS: Unknown: Dependent on hypervisor status
[    0.411201] MDS: Mitigation: Clear CPU buffers
[    0.419107] Freeing SMP alternatives memory: 36K
[    0.438335] ftrace: allocating 32380 entries in 127 pages
[    0.594131] smpboot: APIC(0) Converting physical 0 to logical package 0
[    0.598738] smpboot: Max logical packages: 1
[    0.602003] x2apic enabled
[    0.604029] Switched APIC routing to physical x2apic.
[    0.608598] ..TIMER: vector=0x30 apic1=0 pin1=2 apic2=-1 pin2=-1
[    0.719378] smpboot: CPU0: Intel(R) Core(TM) i7-6600U CPU @ 2.60GHz (family: 0x6, model: 0x4e, stepping: 0x3)
[    0.723400] Performance Events: unsupported p6 CPU model 78 no PMU driver, software events only.
[    0.750523] KVM setup paravirtual spinlock
[    0.754034] x86: Booting SMP configuration:
[    0.756055] .... node  #0, CPUs:      #1
[    0.758247] kvm-clock: cpu 1, msr 0:3ffe3041, secondary cpu clock
[    0.783233] mce: CPU supports 0 MCE banks
[    0.787106] x86: Booted up 1 node, 2 CPUs
[    0.790170] smpboot: Total of 2 processors activated (11232.02 BogoMIPS)
[    0.794491] devtmpfs: initialized
[    0.800888] evm: security.selinux
[    0.803051] evm: security.SMACK64
[    0.805025] evm: security.SMACK64EXEC
[    0.806834] evm: security.SMACK64TRANSMUTE
[    0.808880] evm: security.SMACK64MMAP
[    0.810743] evm: security.ima
[    0.812702] evm: security.capability
[    0.815280] clocksource: jiffies: mask: 0xffffffff max_cycles: 0xffffffff, max_idle_ns: 7645041785100000 ns
[    0.819094] futex hash table entries: 512 (order: 3, 32768 bytes)
[    0.821883] pinctrl core: initialized pinctrl subsystem
[    0.824581] RTC time:  8:50:28, date: 03/11/22
[    0.827324] NET: Registered protocol family 16
[    0.840742] cpuidle: using governor ladder
[    0.851485] cpuidle: using governor menu
[    0.854012] PCCT header not found.
[    0.856605] ACPI: bus type PCI registered
[    0.859030] acpiphp: ACPI Hot Plug PCI Controller Driver version: 0.5
[    0.863183] PCI: Using configuration type 1 for base access
[    0.880152] ACPI: Added _OSI(Module Device)
[    0.882739] ACPI: Added _OSI(Processor Device)
[    0.885364] ACPI: Added _OSI(3.0 _SCP Extensions)
[    0.888232] ACPI: Added _OSI(Processor Aggregator Device)
[    0.893082] ACPI: Executed 1 blocks of module-level executable AML code
[    0.902814] ACPI: Interpreter enabled
[    0.905137] ACPI: (supports S0 S5)
[    0.907366] ACPI: Using IOAPIC for interrupt routing
[    0.910610] PCI: Using host bridge windows from ACPI; if necessary, use "pci=nocrs" and report a bug
[    0.925070] ACPI: PCI Root Bridge [PCI0] (domain 0000 [bus 00-ff])
[    0.928810] acpi PNP0A03:00: _OSC: OS supports [ASPM ClockPM Segments MSI]
[    0.933907] acpi PNP0A03:00: _OSC: not requesting OS control; OS requires [ExtendedConfig ASPM ClockPM MSI]
[    0.939749] acpi PNP0A03:00: fail to add MMCONFIG information, can't access extended PCI configuration space under this bridge.
[    0.947520] PCI host bridge to bus 0000:00
[    0.949596] pci_bus 0000:00: root bus resource [io  0x0000-0x0cf7 window]
[    0.952666] pci_bus 0000:00: root bus resource [io  0x0d00-0xffff window]
[    0.955304] pci_bus 0000:00: root bus resource [mem 0x000a0000-0x000bffff window]
[    0.958660] pci_bus 0000:00: root bus resource [mem 0x40000000-0xfdffffff window]
[    0.961811] pci_bus 0000:00: root bus resource [bus 00-ff]
[    0.969250] pci 0000:00:01.1: legacy IDE quirk: reg 0x10: [io  0x01f0-0x01f7]
[    0.973214] pci 0000:00:01.1: legacy IDE quirk: reg 0x14: [io  0x03f6]
[    0.976828] pci 0000:00:01.1: legacy IDE quirk: reg 0x18: [io  0x0170-0x0177]
[    1.011603] pci 0000:00:01.1: legacy IDE quirk: reg 0x1c: [io  0x0376]
[    1.040965] pci 0000:00:07.0: quirk: [io  0x4000-0x403f] claimed by PIIX4 ACPI
[    1.045700] pci 0000:00:07.0: quirk: [io  0x4100-0x410f] claimed by PIIX4 SMB
[    1.057945] ACPI: PCI Interrupt Link [LNKA] (IRQs 5 9 10 *11)
[    1.062914] ACPI: PCI Interrupt Link [LNKB] (IRQs 5 9 *10 11)
[    1.067372] ACPI: PCI Interrupt Link [LNKC] (IRQs 5 *9 10 11)
[    1.071900] ACPI: PCI Interrupt Link [LNKD] (IRQs 5 9 10 *11)
[    1.076478] ACPI: Enabled 2 GPEs in block 00 to 07
[    1.080727] vgaarb: setting as boot device: PCI:0000:00:02.0
[    1.084009] vgaarb: device added: PCI:0000:00:02.0,decodes=io+mem,owns=io+mem,locks=none
[    1.088905] vgaarb: loaded
[    1.090982] vgaarb: bridge control possible 0000:00:02.0
[    1.094653] SCSI subsystem initialized
[    1.097454] ACPI: bus type USB registered
[    1.099346] usbcore: registered new interface driver usbfs
[    1.101467] usbcore: registered new interface driver hub
[    1.103223] usbcore: registered new device driver usb
[    1.111309] PCI: Using ACPI for IRQ routing
[    1.114193] NetLabel: Initializing
[    1.115980] NetLabel:  domain hash size = 128
[    1.118244] NetLabel:  protocols = UNLABELED CIPSOv4
[    1.120585] NetLabel:  unlabeled traffic allowed by default
[    1.123456] amd_nb: Cannot enumerate AMD northbridges
[    1.125951] clocksource: Switched to clocksource kvm-clock
[    1.153484] AppArmor: AppArmor Filesystem Enabled
[    1.156105] pnp: PnP ACPI init
[    1.159823] pnp: PnP ACPI: found 3 devices
[    1.175975] clocksource: acpi_pm: mask: 0xffffff max_cycles: 0xffffff, max_idle_ns: 2085701024 ns
[    1.180055] NET: Registered protocol family 2
[    1.182585] TCP established hash table entries: 8192 (order: 4, 65536 bytes)
[    1.186377] TCP bind hash table entries: 8192 (order: 5, 131072 bytes)
[    1.189897] TCP: Hash tables configured (established 8192 bind 8192)
[    1.193416] UDP hash table entries: 512 (order: 2, 16384 bytes)
[    1.197118] UDP-Lite hash table entries: 512 (order: 2, 16384 bytes)
[    1.200683] NET: Registered protocol family 1
[    1.203317] pci 0000:00:00.0: Limiting direct PCI/PCI transfers
[    1.206594] pci 0000:00:01.0: Activating ISA DMA hang workarounds
[    1.209827] Unpacking initramfs...
[    1.741148] Freeing initrd memory: 14888K
[    1.742882] clocksource: tsc: mask: 0xffffffffffffffff max_cycles: 0x2879cbf0535, max_idle_ns: 440795305184 ns
[    1.746774] platform rtc_cmos: registered platform RTC device (no PNP device found)
[    1.750230] Scanning for low memory corruption every 60 seconds
[    1.753240] audit: initializing netlink subsys (disabled)
[    1.755380] audit: type=2000 audit(1646988635.044:1): initialized
[    1.758404] Initialise system trusted keyring
[    1.760499] HugeTLB registered 2 MB page size, pre-allocated 0 pages
[    1.765169] zbud: loaded
[    1.766717] VFS: Disk quotas dquot_6.6.0
[    1.768460] VFS: Dquot-cache hash table entries: 512 (order 0, 4096 bytes)
[    1.771123] squashfs: version 4.0 (2009/01/31) Phillip Lougher
[    1.773166] fuse init (API version 7.23)
[    1.774618] Key type big_key registered
[    1.775743] Allocating IMA MOK and blacklist keyrings.
[    1.777872] Key type asymmetric registered
[    1.779811] Asymmetric key parser 'x509' registered
[    1.781728] Block layer SCSI generic (bsg) driver version 0.4 loaded (major 249)
[    1.784699] io scheduler noop registered
[    1.785996] io scheduler deadline registered (default)
[    1.787482] io scheduler cfq registered
[    1.788733] pci_hotplug: PCI Hot Plug PCI Core version: 0.5
[    1.790427] pciehp: PCI Express Hot Plug Controller Driver version: 0.4
[    1.792451] ACPI: AC Adapter [AC] (off-line)
[    1.793699] input: Power Button as /devices/LNXSYSTM:00/LNXPWRBN:00/input/input0
[    1.796318] ACPI: Power Button [PWRF]
[    1.797584] input: Sleep Button as /devices/LNXSYSTM:00/LNXSLPBN:00/input/input1
[    1.800494] ACPI: Sleep Button [SLPF]
[    1.801827] GHES: HEST is not enabled!
[    1.802939] ACPI: Battery Slot [BAT0] (battery present)
[    1.804948] Serial: 8250/16550 driver, 32 ports, IRQ sharing enabled
[    1.827880] 00:02: ttyS0 at I/O 0x3f8 (irq = 4, base_baud = 115200) is a 16550A
[    1.834163] Linux agpgart interface v0.103
[    1.839302] loop: module loaded
[    1.842318] scsi host0: ata_piix
[    1.844011] scsi host1: ata_piix
[    1.845871] ata1: PATA max UDMA/33 cmd 0x1f0 ctl 0x3f6 bmdma 0xd000 irq 14
[    1.849170] ata2: PATA max UDMA/33 cmd 0x170 ctl 0x376 bmdma 0xd008 irq 15
[    1.853158] libphy: Fixed MDIO Bus: probed
[    1.855822] tun: Universal TUN/TAP device driver, 1.6
[    1.858841] tun: (C) 1999-2004 Max Krasnyansky <maxk@qualcomm.com>
[    1.863088] PPP generic driver version 2.4.2
[    1.865216] ehci_hcd: USB 2.0 'Enhanced' Host Controller (EHCI) Driver
[    1.867667] ehci-pci: EHCI PCI platform driver
[    1.869888] ehci-platform: EHCI generic platform driver
[    1.872310] ohci_hcd: USB 1.1 'Open' Host Controller (OHCI) Driver
[    1.874490] ohci-pci: OHCI PCI platform driver
[    1.876387] ohci-platform: OHCI generic platform driver
[    1.878844] uhci_hcd: USB Universal Host Controller Interface driver
[    1.880983] i8042: PNP: PS/2 Controller [PNP0303:PS2K,PNP0f03:PS2M] at 0x60,0x64 irq 1,12
[    1.884836] serio: i8042 KBD port at 0x60,0x64 irq 1
[    1.886513] serio: i8042 AUX port at 0x60,0x64 irq 12
[    1.888209] mousedev: PS/2 mouse device common for all mice
[    1.891141] input: AT Translated Set 2 keyboard as /devices/platform/i8042/serio0/input/input2
[    1.893753] rtc_cmos rtc_cmos: rtc core: registered rtc_cmos as rtc0
[    1.895687] rtc_cmos rtc_cmos: alarms up to one day, 114 bytes nvram
[    1.897976] i2c /dev entries driver
[    1.899278] device-mapper: uevent: version 1.0.3
[    1.900635] device-mapper: ioctl: 4.34.0-ioctl (2015-10-28) initialised: dm-devel@redhat.com
[    1.903083] ledtrig-cpu: registered to indicate activity on CPUs
[    1.905105] NET: Registered protocol family 10
[    1.906622] NET: Registered protocol family 17
[    1.908150] Key type dns_resolver registered
[    1.909763] registered taskstats version 1
[    1.910966] Loading compiled-in X.509 certificates
[    1.913057] Loaded X.509 cert 'Build time autogenerated kernel key: cf00e047681d67edb2720680708b7d9498083038'
[    1.916171] zswap: loaded using pool lzo/zbud
[    1.922248] Key type trusted registered
[    1.932362] Key type encrypted registered
[    1.935019] AppArmor: AppArmor sha1 policy hashing enabled
[    1.938383] ima: No TPM chip found, activating TPM-bypass!
[    1.941665] ima: Allocated hash algorithm: sha1
[    1.944738] evm: HMAC attrs: 0x1
[    1.947575]   Magic number: 14:441:826
[    1.950027] rtc_cmos rtc_cmos: setting system clock to 2022-03-11 08:50:29 UTC (1646988629)
[    1.954399] BIOS EDD facility v0.16 2004-Jun-25, 0 devices found
[    1.957240] EDD information not available.
[    2.042077] Freeing unused kernel memory: 1492K
[    2.045440] Write protecting the kernel read-only data: 14336k
[    2.049773] Freeing unused kernel memory: 1584K
[    2.052905] Freeing unused kernel memory: 52K
Loading, please wait...
starting version 229
[    2.085232] random: systemd-udevd: uninitialized urandom read (16 bytes read, 5 bits of entropy available)
[    2.086976] random: udevadm: uninitialized urandom read (16 bytes read, 5 bits of entropy available)
[    2.087027] random: udevadm: uninitialized urandom read (16 bytes read, 5 bits of entropy available)
[    2.103027] random: systemd-udevd: uninitialized urandom read (16 bytes read, 5 bits of entropy available)
[    2.108710] random: systemd-udevd: uninitialized urandom read (16 bytes read, 5 bits of entropy available)
[    2.108884] random: udevadm: uninitialized urandom read (16 bytes read, 5 bits of entropy available)
[    2.108981] random: udevadm: uninitialized urandom read (16 bytes read, 5 bits of entropy available)
[    2.109326] random: udevadm: uninitialized urandom read (16 bytes read, 5 bits of entropy available)
[    2.109455] random: udevadm: uninitialized urandom read (16 bytes read, 5 bits of entropy available)
[    2.109573] random: udevadm: uninitialized urandom read (16 bytes read, 5 bits of entropy available)
[    2.238689] e1000: Intel(R) PRO/1000 Network Driver - version 7.3.21-k8-NAPI
[    2.244148] e1000: Copyright (c) 1999-2006 Intel Corporation.
[    2.247571] Fusion MPT base driver 3.04.20
[    2.250194] Copyright (c) 1999-2008 LSI Corporation
[    2.276496] Fusion MPT SPI Host driver 3.04.20
[    2.301638] AVX2 version of gcm_enc/dec engaged.
[    2.303856] AES CTR mode by8 optimization enabled
[    2.478273] input: ImExPS/2 Generic Explorer Mouse as /devices/platform/i8042/serio1/input/input4
[    2.784505] e1000 0000:00:03.0 eth0: (PCI:33MHz:32-bit) 02:be:82:6b:cc:1d
[    2.789582] e1000 0000:00:03.0 eth0: Intel(R) PRO/1000 Network Connection
[    2.796436] mptbase: ioc0: Initiating bringup
[    2.797791] e1000 0000:00:03.0 enp0s3: renamed from eth0
[    3.332466] ioc0: LSI53C1030 A0: Capabilities={Initiator}
[    5.077945] scsi host2: ioc0: LSI53C1030 A0, FwRev=00000000h, Ports=1, MaxQ=256, IRQ=20
[    6.063056] scsi 2:0:0:0: Direct-Access     VBOX     HARDDISK         1.0  PQ: 0 ANSI: 5
[    6.083678] scsi target2:0:0: Beginning Domain Validation
[    6.092552] scsi target2:0:0: Domain Validation skipping write tests
[    6.096171] scsi target2:0:0: Ending Domain Validation
[    6.098918] scsi target2:0:0: asynchronous
[    6.101598] scsi 2:0:1:0: Direct-Access     VBOX     HARDDISK         1.0  PQ: 0 ANSI: 5
[    6.105174] scsi target2:0:1: Beginning Domain Validation
[    6.108997] scsi target2:0:1: Domain Validation skipping write tests
[    6.110951] scsi target2:0:1: Ending Domain Validation
[    6.142484] scsi target2:0:1: asynchronous
[    6.154092] sd 2:0:0:0: Attached scsi generic sg0 type 0
[    6.156829] sd 2:0:0:0: [sda] 83886080 512-byte logical blocks: (42.9 GB/40.0 GiB)
[    6.161757] sd 2:0:1:0: [sdb] 20480 512-byte logical blocks: (10.5 MB/10.0 MiB)
[    6.165598] sd 2:0:1:0: [sdb] Write Protect is off
[    6.165655] sd 2:0:1:0: Attached scsi generic sg1 type 0
[    6.165687] sd 2:0:0:0: [sda] Write Protect is off
[    6.172507] sd 2:0:0:0: [sda] Incomplete mode parameter data
[    6.172566] sd 2:0:1:0: [sdb] Incomplete mode parameter data
[    6.172568] sd 2:0:1:0: [sdb] Assuming drive cache: write through
[    6.179874] sd 2:0:0:0: [sda] Assuming drive cache: write through
[    6.182280] sd 2:0:1:0: [sdb] Attached SCSI disk
[    6.185803]  sda: sda1
[    6.187973] sd 2:0:0:0: [sda] Attached SCSI disk
Begin: Loading essential drivers ... [    8.943856] md: linear personality registered for level -1
[    8.952292] md: multipath personality registered for level -4
[    8.961091] md: raid0 personality registered for level 0
[    8.972768] md: raid1 personality registered for level 1
[    9.050006] raid6: sse2x1   gen()  5378 MB/s
[    9.118025] raid6: sse2x1   xor()  3627 MB/s
[    9.185987] raid6: sse2x2   gen()  6034 MB/s
[    9.254004] raid6: sse2x2   xor()  4292 MB/s
[    9.322030] raid6: sse2x4   gen()  6950 MB/s
[    9.390012] raid6: sse2x4   xor()  4549 MB/s
[    9.458007] raid6: avx2x1   gen()  8684 MB/s
[    9.526013] raid6: avx2x2   gen() 11794 MB/s
[    9.593996] raid6: avx2x4   gen() 19303 MB/s
[    9.596572] raid6: using algorithm avx2x4 gen() 19303 MB/s
[    9.600697] raid6: using avx2x2 recovery algorithm
[    9.609358] xor: automatically using best checksumming function:
[    9.650037]    avx       : 10243.000 MB/sec
[    9.655546] async_tx: api initialized (async)
[    9.679736] md: raid6 personality registered for level 6
[    9.683682] md: raid5 personality registered for level 5
[    9.686704] md: raid4 personality registered for level 4
[    9.704843] md: raid10 personality registered for level 10
done.
Begin: Running /scripts/init-premount ... done.
Begin: Mounting root file system ... Begin: Running /scripts/local-top ... done.
Begin: Running /scripts/local-premount ... [    9.771298] Btrfs loaded
Scanning for Btrfs filesystems
done.
Warning: fsck not present, so skipping root file system
[    9.814388] EXT4-fs (sda1): mounted filesystem with ordered data mode. Opts: (null)
done.
Begin: Running /scripts/local-bottom ... done.
Begin: Running /scripts/init-bottom ... done.
[    9.959099] systemd[1]: systemd 229 running in system mode. (+PAM +AUDIT +SELINUX +IMA +APPARMOR +SMACK +SYSVINIT +UTMP +LIBCRYPTSETUP +GCRYPT +GNUTLS +ACL +XZ -LZ4 +SECCOMP +BLKID +ELFUTILS +KMOD -IDN)
[    9.963976] systemd[1]: Detected virtualization oracle.
[    9.965816] systemd[1]: Detected architecture x86-64.

Welcome to [1mUbuntu 16.04.7 LTS[0m!

[    9.970985] systemd[1]: Set hostname to <ubuntu>.
[    9.974548] systemd[1]: Initializing machine ID from random generator.
[    9.976261] systemd[1]: Installed transient /etc/machine-id file.
[   10.163685] systemd[1]: Listening on LVM2 metadata daemon socket.
[[0;32m  OK  [0m] Listening on LVM2 metadata daemon socket.
[   10.168633] systemd[1]: Listening on Device-mapper event daemon FIFOs.
[[0;32m  OK  [0m] Listening on Device-mapper event daemon FIFOs.
[   10.173326] systemd[1]: Started Trigger resolvconf update for networkd DNS.
[[0;32m  OK  [0m] Started Trigger resolvconf update for networkd DNS.
[   10.177100] systemd[1]: Reached target Swap.
[[0;32m  OK  [0m] Reached target Swap.
[   10.180091] systemd[1]: Reached target System Time Synchronized.
[[0;32m  OK  [0m] Reached target System Time Synchronized.
[   10.183179] systemd[1]: Listening on udev Kernel Socket.
[[0;32m  OK  [0m] Listening on udev Kernel Socket.
[   10.185837] systemd[1]: Reached target User and Group Name Lookups.
[[0;32m  OK  [0m] Reached target User and Group Name Lookups.
[   10.188846] systemd[1]: Listening on Journal Socket (/dev/log).
[[0;32m  OK  [0m] Listening on Journal Socket (/dev/log).
[   10.193207] systemd[1]: Listening on Journal Socket.
[[0;32m  OK  [0m] Listening on Journal Socket.
[   10.202991] systemd[1]: Set up automount Arbitrary Executable File Formats File System Automount Point.
[[0;32m  OK  [0m] Set up automount Arbitrary Executab...ats File System Automount Point.
[   10.211902] systemd[1]: Listening on udev Control Socket.
[[0;32m  OK  [0m] Listening on udev Control Socket.
[   10.217510] systemd[1]: Listening on /dev/initctl Compatibility Named Pipe.
[[0;32m  OK  [0m] Listening on /dev/initctl Compatibility Named Pipe.
[   10.224443] systemd[1]: Started Forward Password Requests to Wall Directory Watch.
[[0;32m  OK  [0m] Started Forward Password Requests to Wall Directory Watch.
[   10.232806] systemd[1]: Created slice System Slice.
[[0;32m  OK  [0m] Created slice System Slice.
[   10.254397] systemd[1]: Mounting POSIX Message Queue File System...
         Mounting POSIX Message Queue File System...
[   10.261701] systemd[1]: Mounting Debug File System...
         Mounting Debug File System...
[   10.270958] systemd[1]: Starting Uncomplicated firewall...
         Starting Uncomplicated firewall...
[   10.277367] systemd[1]: Starting Nameserver information manager...
         Starting Nameserver information manager...
[   10.285135] systemd[1]: Mounting Huge Pages File System...
         Mounting Huge Pages File System...
[   10.291307] systemd[1]: Starting Set console keymap...
         Starting Set console keymap...
[   10.298651] systemd[1]: Starting Load Kernel Modules...
         Starting Load Kernel Modules...
[   10.302664] systemd[1]: Starting Monitoring of LVM2 mirrors, snapshots etc. using dmeventd or progress polling...
         Starting Monitoring of LVM2 mirrors... dmeventd or progress polling...
[   10.308859] systemd[1]: Created slice system-serial\x2dgetty.slice.
[[0;32m  OK  [0m] Created slice system-serial\x2dgetty.slice.
[   10.317164] systemd[1]: Reached target Encrypted Volumes.
[[0;32m  OK  [0m] Reached target Encrypted Volumes.
[   10.320770] systemd[1]: Listening on fsck to fsckd communication Socket.
[[0;32m  OK  [0[   10.323277] Loading iSCSI transport class v2.0-870.
m] Listening on fsck to fsckd communication Socket.
[   10.326686] systemd[1]: Starting File System Check on Root Device...
         Starting File System Check on Root Device...
[   10.331667] systemd[1]: Starting Create list of required static device nodes for the current kernel...
         Starting Create list of required st... nodes for the current kernel...
[   10.349053] systemd[1]: Created slice User and Session Slice.
[[0;32m  OK  [0m] Created slice User and Session Slice.
[   10.356400] systemd[1]: Reached target Slices.
[   10.356499] iscsi: registered transport (tcp)
[[0;32m  OK  [0m] Reached target Slices.
[   10.365234] systemd[1]: Listening on LVM2 poll daemon socket.
[[0;32m  OK  [0m] Listening on LVM2 poll daemon socket.
[   10.371488] systemd[1]: Listening on Syslog Socket.
[[0;32m  OK  [0m] Listening on Syslog Socket.
[   10.377362] systemd[1]: Listening on Journal Audit Socket.
[[0;32m  OK  [0m] Listening on Journal Audit Socket.
[   10.402266] systemd[1]: Starting Journal Service...
         Starting Journal Service...
[   10.414249] systemd[1]: Mounted Huge Pages File System.
[[0;32m  OK  [0m] Mounted Huge Pages File System.
[   10.421174] systemd[1]: Mounted POSIX Message Queue File System.
[[0;32m  OK  [0m] Mounted POSIX Message Queue File System.
[   10.426444] systemd[1]: Mounted Debug File System.
[[0;32m  OK  [0m] Mounted Debug File System.
[   10.430678] systemd[1]: Started Uncomplicated firewall.
[[0;32m  OK  [0m] Started Uncomplicated firewall.
[   10.445884] iscsi: registered transport (iser)
[   10.455831] systemd[1]: Started Load Kernel Modules.
[[0;32m  OK  [0m] Started Load Kernel Modules.
[   10.474438] systemd[1]: Started File System Check on Root Device.
[[0;32m  OK  [0m] Started File System Check on Root Device.
[   10.484816] systemd[1]: Started Create list of required static device nodes for the current kernel.
[[0;32m  OK  [0m] Started Create list of required sta...ce nodes for the current kernel.
[   10.510379] systemd[1]: Started Nameserver information manager.
[[0;32m  OK  [0m] Started Nameserver information manager.
[   10.523306] systemd[1]: Started LVM2 metadata daemon.
[[0;32m  OK  [0m] Started LVM2 metadata daemon.
[   10.528688] systemd[1]: Started File System Check Daemon to report status.
[[0;32m  OK  [0m] Started File System Check Daemon to report status.
[   10.536641] systemd[1]: Starting Create Static Device Nodes in /dev...
         Starting Create Static Device Nodes in /dev...
[   10.543353] systemd[1]: Starting Remount Root and Kernel File Systems...
         Starting Remount Root and Kernel File Systems...
[   10.550760] systemd[1]: Mounting FUSE Control File System...
[   10.553413] EXT4-fs (sda1): re-mounted. Opts: (null)
         Mounting FUSE Control File System...
[   10.557706] random: nonblocking pool is initialized
[   10.560837] systemd[1]: Starting Apply Kernel Variables...
         Starting Apply Kernel Variables...
[   10.565017] systemd[1]: Mounted FUSE Control File System.
[[0;32m  OK  [0m] Mounted FUSE Control File System.
[[0;32m  OK  [0m] Started Journal Service.
[[0;32m  OK  [0m] Started Create Static Device Nodes in /dev.
[[0;32m  OK  [0m] Started Remount Root and Kernel File Systems.
[[0;32m  OK  [0m] Started Set console keymap.
[[0;32m  OK  [0m] Started Apply Kernel Variables.
         Starting Load/Save Random Seed...
         Starting udev Coldplug all Devices...
         Starting udev Kernel Device Manager...
         Starting Flush Journal to Persistent Storage...
[[0;32m  OK  [0m] Started Load/Save Random Seed.
[[0;32m  OK  [0m] Started Flush Journal to Persistent Storage.
[[0;32m  OK  [0m] Started udev Kernel Device Manager.
[[0;32m  OK  [0m] Started udev Coldplug all Devices.
[[0;32m  OK  [0m] Started Dispatch Password Requests to Console Directory Watch.
[[0;32m  OK  [0m] Found device /dev/ttyS0.
[[0;32m  OK  [0m] Started Monitoring of LVM2 mirrors,...ng dmeventd or progress polling.
[[0;32m  OK  [0m] Reached target Local File Systems (Pre).
[[0;32m  OK  [0m] Reached target Local File Systems.
         Starting Initial cloud-init job (pre-networking)...
         Starting Create Volatile Files and Directories...
         Starting Commit a transient machine-id on disk...
         Starting LSB: AppArmor initialization...
         Starting Tell Plymouth To Write Out Runtime Data...
         Starting Set console font and keymap...
[[0;32m  OK  [0m] Started Tell Plymouth To Write Out Runtime Data.
[[0;32m  OK  [0m] Started Create Volatile Files and Directories.
[[0;32m  OK  [0m] Started Commit a transient machine-id on disk.
         Starting Update UTMP about System Boot/Shutdown...
[[0;32m  OK  [0m] Started Update UTMP about System Boot/Shutdown.
[[0;32m  OK  [0m] Listening on Load/Save RF Kill Switch Status /dev/rfkill Watch.
[   13.904387] [[0;32m  OK  [0m] Started Initial cloud-init job (pre-networking).
[[0;32m  OK  [0m] Reached target Network (Pre).
cloud-init[517]: Cloud-init v. 21.1-19-gbad84ad4-0ubuntu1~16.04.2 running 'init-local' at Fri, 11 Mar 2022 08:50:40 +0000. Up 12.70 seconds.
[[0;32m  OK  [0m] Started Set console font and keymap.
[[0;32m  OK  [0m] Created slice system-getty.slice.
[[0;32m  OK  [0m] Started LSB: AppArmor initialization.
         Starting Raise network interfaces...
         Starting Load AppArmor profiles managed internally by snapd...
[[0;32m  OK  [0m] Started Load AppArmor profiles managed internally by snapd.
[[0;32m  OK  [0m] Started Raise network interfaces.
         Starting Initial cloud-init job (metadata service crawler)...
[[0;32m  OK  [0m] Reached target Network.
[   18.330187] cloud-init[965]: Cloud-init v. 21.1-19-gbad84ad4-0ubuntu1~16.04.2 running 'init' at Fri, 11 Mar 2022 08:50:44 +0000. Up 16.96 seconds.
[   18.333248] cloud-init[965]: ci-info: ++++++++++++++++++++++++++++++++++++++Net device info++++++++++++++++++++++++++++++++++++++
[   18.335860] cloud-init[965]: ci-info: +--------+------+----------------------------+---------------+--------+-------------------+
[   18.339281] cloud-init[965]: ci-info: | Device |  Up  |          Address           |      Mask     | Scope  |     Hw-Address    |
[   18.344364] cloud-init[965]: ci-info: +--------+------+----------------------------+---------------+--------+-------------------+
[   18.348190] cloud-init[965]: ci-info: | enp0s3 | True |         10.0.2.15          | 255.255.255.0 | global | 02:be:82:6b:cc:1d |
[   18.351474] cloud-init[965]: ci-info: | enp0s3 | True | fe80::be:82ff:fe6b:cc1d/64 |       .       |  link  | 02:be:82:6b:cc:1d |
[   18.355098] cloud-init[965]: ci-info: |   lo   | True |         127.0.0.1          |   255.0.0.0   |  host  |         .         |
[   18.358730] cloud-init[965]: ci-info: |   lo   | True |          ::1/128           |       .       |  host  |         .         |
[   18.362491] cloud-init[965]: ci-info: +--------+------+----------------------------+---------------+--------+-------------------+
[   18.366610] cloud-init[965]: ci-info: +++++++++++++++++++++++++++Route IPv4 info++++++++++++++++++++++++++++
[   18.369645] cloud-init[965]: ci-info: +-------+-------------+----------+---------------+-----------+-------+
[   18.372607] cloud-init[965]: ci-info: | Route | Destination | Gateway  |    Genmask    | Interface | Flags |
[   18.375530] cloud-init[965]: ci-info: +-------+-------------+----------+---------------+-----------+-------+
[   18.378587] cloud-init[965]: ci-info: |   0   |   0.0.0.0   | 10.0.2.2 |    0.0.0.0    |   enp0s3  |   UG  |
[   18.381874] cloud-init[965]: ci-info: |   1   |   10.0.2.0  | 0.0.0.0  | 255.255.255.0 |   enp0s3  |   U   |
[   18.384942] cloud-init[965]: ci-info: +-------+-------------+----------+---------------+-----------+-------+
[   18.387665] cloud-init[965]: ci-info: +++++++++++++++++++Route IPv6 info+++++++++++++++++++
[   18.390237] cloud-init[965]: ci-info: +-------+-------------+---------+-----------+-------+
[   18.392659] cloud-init[965]: ci-info: | Route | Destination | Gateway | Interface | Flags |
[   18.395175] cloud-init[965]: ci-info: +-------+-------------+---------+-----------+-------+
[   18.397761] cloud-init[965]: ci-info: |   0   |  fe80::/64  |    ::   |   enp0s3  |   U   |
[   18.404568] cloud-init[965]: ci-info: |   3   |   ff00::/8  |    ::   |   enp0s3  |   U   |
[   18.407521] cloud-init[965]: ci-info: +-------+-------------+---------+-----------+-------+
[   18.409958] cloud-init[965]: Generating public/private rsa key pair.
[   18.411765] cloud-init[965]: Your identification has been saved in /etc/ssh/ssh_host_rsa_key.
[   18.414499] cloud-init[965]: Your public key has been saved in /etc/ssh/ssh_host_rsa_key.pub.
[   18.428559] cloud-init[965]: The key fingerprint is:
[   18.430664] cloud-init[965]: SHA256:oMMaNV2DYdomcihmyVYLqImxcCiN6QPjLvk/0qhxe9A root@ubuntu-xenial
[   18.433508] cloud-init[965]: The key's randomart image is:
[   18.435738] cloud-init[965]: +---[RSA 2048]----+
[   18.438712] cloud-init[965]: |.* .  ooo        |
[   18.441965] cloud-init[965]: |% *..=.. .       |
[   18.449901] cloud-init[965]: |X%o.* =          |
[   18.452636] cloud-init[965]: |O= = = .         |
[   18.461406] cloud-init[965]: |..o.+   S        |
[   18.467534] cloud-init[965]: |o..oE.           |
[   18.469951] cloud-init[965]: |o.o+             |
[   18.476669] cloud-init[965]: | o+.+            |
[   18.484499] cloud-init[965]: |...+..           |
[   18.486053] cloud-init[965]: +----[SHA256]-----+
[   18.487759] cloud-init[965]: Generating public/private dsa key pair.
[   18.490091] cloud-init[965]: Your identification has been saved in /etc/ssh/ssh_host_dsa_key.
[   18.493122] cloud-init[965]: Your public key has been saved in /etc/ssh/ssh_host_dsa_key.pub.
[   18.495687] cloud-init[965]: The key fingerprint is:
[   18.498641] cloud-init[965]: SHA256:qUZDcdZ2oOmnkOjnIFImvYMpG/jlEDlwxzeDNahpkiI root@ubuntu-xenial
[   18.501607] cloud-init[965]: The key's randomart image is:
[   18.508644] cloud-init[965]: +---[DSA 1024]----+
[   18.510572] cloud-init[965]: |     .+ o...     |
[   18.512480] cloud-init[965]: |   ..o = oo .    |
[   18.514462] cloud-init[965]: |...o+ = o. .     |
[   18.516325] cloud-init[965]: |E++o + = .       |
[   18.518325] cloud-init[965]: |+oB . = S .      |
[   18.520431] cloud-init[965]: |.* = . + o       |
[   18.522267] cloud-init[965]: |B = + + .        |
[   18.528625] cloud-init[965]: |.= * =           |
[[   18.530745] cloud-init[965]: |. . . .          |
[   18.531133] cloud-init[965]: +----[SHA256]-----+
[   18.532260] cloud-init[965]: Generating public/private ecdsa key pair.
[   18.532976] cloud-init[965]: Your identification has been saved in /etc/ssh/ssh_host_ecdsa_key.
[   18.533463] cloud-init[965]: Your public key has been saved in /etc/ssh/ssh_host_ecdsa_key.pub.
[   18.534201] cloud-init[965]: The key fingerprint is:
[   18.534676] cloud-init[965]: SHA256:F2ciq7Xkpx9tX2r4+X7h8GBHJ+UOcKbEg6yIgMcnJeI root@ubuntu-xenial
[   18.535575] cloud-init[965]: The key's randomart image is:
[   18.537153] cloud-init[965]: +---[ECDSA 256]---+
[   18.537895] cloud-init[965]: |.o...    . o     |
[   18.538875] cloud-init[965]: |o.=..     o = o .|
[   18.539318] cloud-init[965]: | E + . ...o.o* o |
[   18.540067] cloud-init[965]: |    . . .o =. o.o|
[   18.540874] cloud-init[965]: |        S .   .+.|
[   18.541466] cloud-init[965]: |       = o . + o.|
[   18.542967] cloud-init[965]: |      . o o +.* o|
[   18.543776] cloud-init[965]: |         o o...*.|
[   18.545145] cloud-init[965]: |        ...  o=o+|
[   18.546160] cloud-init[965]: +----[SHA256]-----+
[0;32m  OK  [0m] Started Initial cloud-init job (metadata service crawler).
[   18.546785] cloud-init[965]: Generating public/private ed25519 key pair.
[   18.558009] cloud-init[965]: Your identification has been saved in /etc/ssh/ssh_host_ed25519_key.
[   18.558350] cloud-init[965]: Your public key has been saved in /etc/ssh/ssh_host_ed25519_key.pub.
[   18.559000] cloud-init[965]: The key fingerprint is:
[   18.560109] cloud-init[965]: SHA256:PNfMxkgS6zk39uewwtfKUqUIbFJ+o3ZB1ev4vIzA2rs root@ubuntu-xenial
[   18.561154] cloud-init[965]: The key's randomart image is:
[   18.562137] cloud-init[965]: +--[ED25519 256]--+
[   18.562539] cloud-init[965]: |        .  ...   |
[   18.562679] cloud-init[965]: |        .o.   .  |
[   18.562751] cloud-init[965]: |       +o..    . |
[   18.563805] cloud-init[965]: |      .o=++*  o  |
[   18.564663] cloud-init[965]: |       oS+*+*=   |
[   18.565597] cloud-init[965]: |        oBo++ .  |
[   18.566509] cloud-init[965]: |       . oo.o+.  |
[   18.567421] cloud-init[965]: |         o+o.B+  |
[   18.568403] cloud-init[965]: |        . E*=.+. |
[   18.568789] cloud-init[965]: +----[SHA256]-----+
[[0;32m  OK  [0m] Reached target Cloud-config availability.
[[0;32m  OK  [0m] Reached target Network is Online.
         Starting iSCSI initiator daemon (iscsid)...
[[0;32m  OK  [0m] Reached target System Initialization.
[[0;32m  OK  [0m] Started Daily apt download activities.
[[0;32m  OK  [0m] Started ACPI Events Check.
[[0;32m  OK  [0m] Reached target Paths.
[[0;32m  OK  [0m] Listening on ACPID Listen Socket.
         Starting LXD - unix socket.
         Starting Socket activation for snappy daemon.
[[0;32m  OK  [0m] Listening on D-Bus System Message Bus Socket.
[[0;32m  OK  [0m] Started Message of the Day.
[[0;32m  OK  [0m] Started Daily apt upgrade and clean activities.
[[0;32m  OK  [0m] Started Daily Cleanup of Temporary Directories.
[[0;32m  OK  [0m] Started Ubuntu Advantage update messaging.
[[0;32m  OK  [0m] Reached target Timers.
[[0;32m  OK  [0m] Listening on UUID daemon activation socket.
[[0;32m  OK  [0m] Listening on LXD - unix socket.
[[0;32m  OK  [0m] Listening on Socket activation for snappy daemon.
[[0;32m  OK  [0m] Reached target Sockets.
[[0;32m  OK  [0m] Reached target Basic System.
         Starting Pollinate to seed the pseudo random number generator...
         Starting System Logging Service...
[[0;32m  OK  [0m] Started ACPI event daemon.
[[0;32m  OK  [0m] Started FUSE filesystem for LXC.
         Starting Login Service...
         Starting LSB: Record successful boot for GRUB...
         Starting Virtualbox guest utils...
[[0;32m  OK  [0m] Started D-Bus System Message Bus.
         Starting Snap Daemon...
         Starting /etc/rc.local Compatibility...
[[0;32m  OK  [0m] Started Regular background program processing daemon.
         Starting LSB: MD monitoring daemon...
[[0;32m  OK  [0m] Started Deferred execution scheduler.
         Starting Accounts Service...
         Starting LXD - container startup/shutdown...
[[0;32m  OK  [0m] Started System Logging Service.
[[0;32m  OK  [0m] Started iSCSI initiator daemon (iscsid).
[[0;32m  OK  [0m] Started /etc/rc.local Compatibility.
         Starting Login to default iSCSI targets...
[[0;32m  OK  [0m] Started Login Service.
[[0;32m  OK  [0m] Started Unattended Upgrades Shutdown.
[[0;32m  OK  [0m] Started LSB: Record successful boot for GRUB.
[[0;32m  OK  [0m] Started LSB: MD monitoring daemon.
[[0;32m  OK  [0m] Started Login to default iSCSI targets.
[[0;32m  OK  [0m] Reached target Remote File Systems (Pre).
[[0;32m  OK  [0m] Reached target Remote File Systems.
         Starting LSB: daemon to balance interrupts for SMP systems...
         Starting Permit User Sessions...
         Starting LSB: automatic crash report generation...
         Starting LSB: Set the CPU Frequency Scaling governor to "ondemand"...
[[0;32m  OK  [0m] Started Permit User Sessions.
         Starting Hold until boot process finishes up...
         Starting Terminate Plymouth Boot Screen...
[[0;32m  OK  [0m] Started Hold until boot process finishes up.
[[0;32m  OK  [0m] Started Getty on tty1.
         Starting Set console scheme...
[[0;32m  OK  [0m] Started Serial Getty on ttyS0.
[[0;32m  OK  [0m] Reached target Login Prompts.
[[0;32m  OK  [0m] Started Terminate Plymouth Boot Screen.
[[0;32m  OK  [0m] Started Set console scheme.
         Starting Authenticate and Authorize Users to Run Privileged Tasks...
[[0;32m  OK  [0m] Started LSB: Set the CPU Frequency Scaling governor to "ondemand".
[[0;32m  OK  [0m] Started LSB: automatic crash report generation.
[[0;32m  OK  [0m] Started Authenticate and Authorize Users to Run Privileged Tasks.
[[0;32m  OK  [0m] Started Accounts Service.
[[0;32m  OK  [0m] Started LSB: daemon to balance interrupts for SMP systems.
[[0;32m  OK  [0m] Started LXD - container startup/shutdown.
[[0;32m  OK  [0m] Started Virtualbox guest utils.
[[0;32m  OK  [0m] Started Snap Daemon.
         Starting Wait until snapd is fully seeded...
[[0;32m  OK  [0m] Started Wait until snapd is fully seeded.
         Starting Apply the settings specified in cloud-config...
[[0;32m  OK  [0m] Started Pollinate to seed the pseudo random number generator.
         Starting OpenBSD Secure Shell server...
[[0;32m  OK  [0m] Started OpenBSD Secure Shell server.
[[0;32m  OK  [0m] Reached target Multi-User System.
[[0;32m  OK  [0m] Reached target Graphical Interface.
         Starting Update UTMP about System Runlevel Changes...
[[0;32m  OK  [0m] Started Update UTMP about System Runlevel Changes.
[[0;32m  OK  [0m] Created slice User Slice of vagrant.
         Starting User Manager for UID 1000...
[[0;32m  OK  [0m] Started Session 1 of user vagrant.
[[0;32m  OK  [0m] Started User Manager for UID 1000.
[   20.747562] cloud-init[1295]: Generating locales (this might take a while)...
[   23.068897] cloud-init[1295]:   en_US.UTF-8... done
[   23.072583] cloud-init[1295]: Generation complete.
[   23.920915] cloud-init[1295]: Cloud-init v. 21.1-19-gbad84ad4-0ubuntu1~16.04.2 running 'modules:config' at Fri, 11 Mar 2022 08:50:48 +0000. Up 20.30 seconds.
[[0;32m  OK  [0m] Started Apply the settings specified in cloud-config.

Ubuntu 16.04.7 LTS ubuntu-xenial ttyS0

ubuntu-xenial login: ci-info: no authorized SSH keys fingerprints found for user ubuntu.
<14>Mar 11 08:50:53 ec2: 
<14>Mar 11 08:50:53 ec2: #############################################################
<14>Mar 11 08:50:53 ec2: -----BEGIN SSH HOST KEY FINGERPRINTS-----
<14>Mar 11 08:50:53 ec2: 1024 SHA256:qUZDcdZ2oOmnkOjnIFImvYMpG/jlEDlwxzeDNahpkiI root@ubuntu-xenial (DSA)
<14>Mar 11 08:50:53 ec2: 256 SHA256:F2ciq7Xkpx9tX2r4+X7h8GBHJ+UOcKbEg6yIgMcnJeI root@ubuntu-xenial (ECDSA)
<14>Mar 11 08:50:53 ec2: 256 SHA256:PNfMxkgS6zk39uewwtfKUqUIbFJ+o3ZB1ev4vIzA2rs root@ubuntu-xenial (ED25519)
<14>Mar 11 08:50:53 ec2: 2048 SHA256:oMMaNV2DYdomcihmyVYLqImxcCiN6QPjLvk/0qhxe9A root@ubuntu-xenial (RSA)
<14>Mar 11 08:50:53 ec2: -----END SSH HOST KEY FINGERPRINTS-----
<14>Mar 11 08:50:53 ec2: #############################################################
-----BEGIN SSH HOST KEY KEYS-----
ecdsa-sha2-nistp256 AAAAE2VjZHNhLXNoYTItbmlzdHAyNTYAAAAIbmlzdHAyNTYAAABBBA0uNUCjKP77kpC3f26saKQdYNXRPDZvQ7m3LNhQ/ZCMpExzjgjOtPrpdlAzTNXRdsIBa4AFlLztLlHIY/Bhl/o= root@ubuntu-xenial
ssh-ed25519 AAAAC3NzaC1lZDI1NTE5AAAAIN+RyVdo/xVltDn6bNJncfOUhqSiwn4nlVyVqJ9dLm8A root@ubuntu-xenial
ssh-rsa AAAAB3NzaC1yc2EAAAADAQABAAABAQCc3saJVtwIXlY+XJAdEh0RfelqPHrECXert84OwS7HfDhOUr8doIsPeVxgtdqBuTFHwCVHfT0vZQ7GQZPCM3vqZG+RTqt3EODXNrAh+ptJE5AqUbBfOJnUEMcImpaltp9S9nfXESxzk34UPTvRTKtENaVEBNx/NaKhpHqHg/DSKrEOBnVHSPNo+m6K0fXTX68Sh+gTPPPHKoUeeJgXHLEOrkOLv9Jqo/SMUZvzIpt5aFSfJ7Gmvsa25sMKDGYU+4mz2UeeY8wR6TnghWaWghBx+33iYnnZ9RdD0B887O82ffzLLGrH6e1cQD3rkt2QU23M8SZLvchRlQpsD6WGRJll root@ubuntu-xenial
-----END SSH HOST KEY KEYS-----
[   25.211933] cloud-init[1536]: Cloud-init v. 21.1-19-gbad84ad4-0ubuntu1~16.04.2 running 'modules:final' at Fri, 11 Mar 2022 08:50:52 +0000. Up 24.86 seconds.
[   25.212716] cloud-init[1536]: ci-info: no authorized SSH keys fingerprints found for user ubuntu.
[   25.213514] cloud-init[1536]: Cloud-init v. 21.1-19-gbad84ad4-0ubuntu1~16.04.2 finished at Fri, 11 Mar 2022 08:50:53 +0000. Datasource DataSourceNoCloud [seed=/dev/sdb][dsmode=net].  Up 25.19 seconds
[[0;32m  OK  [0m] Stopped Unattended Upgrades Shutdown.
         Stopping Authenticate and Authorize Users to Run Privileged Tasks...
         Stopping User Manager for UID 1000...
[[0;32m  OK  [0m] Closed Load/Save RF Kill Switch Status /dev/rfkill Watch.
[[0;32m  OK  [0m] Stopped target Graphical Interface.
         Stopping Accounts Service...
         Stopping ACPI event daemon...
         Stopping Session 4 of user vagrant.
[[0;32m  OK  [0m] Stopped target Cloud-init target.
[[0;32m  OK  [0m] Stopped Execute cloud user/final scripts.
[[0;32m  OK  [0m] Stopped Apply the settings specified in cloud-config.
[[0;32m  OK  [0m] Stopped target Cloud-config availability.
[[0;32m  OK  [0m] Stopped target Timers.
[[0;32m  OK  [0m] Stopped Ubuntu Advantage update messaging.
[[0;32m  OK  [0m] Stopped Daily apt upgrade and clean activities.
[[0;32m  OK  [0m] Stopped Daily apt download activities.
         Stopping Login to default iSCSI targets...
[[0;32m  OK  [0m] Stopped target Multi-User System.
[[0;32m  OK  [0m] Stopped Wait until snapd is fully seeded.
         Stopping LSB: MD monitoring daemon...
         Stopping FUSE filesystem for LXC...
         Stopping LSB: Record successful boot for GRUB...
         Stopping Regular background program processing daemon...
         Stopping OpenBSD Secure Shell server...
         Stopping System Logging Service...
         Stopping LSB: daemon to balance interrupts for SMP systems...
[[0;32m  OK  [0m] Stopped target Login Prompts.
         Stopping Getty on tty1...
         Stopping Deferred execution scheduler...
         Stopping LSB: Set the CPU Frequency Scaling governor to "ondemand"...
         Stopping D-Bus System Message Bus...
         Stopping LSB: automatic crash report generation...
[[0;32m  OK  [0m] Stopped Daily Cleanup of Temporary Directories.
         Stopping Virtualbox guest utils...
         Stopping Serial Getty on ttyS0...
         Stopping LXD - container startup/shutdown...
[[0;32m  OK  [0m] Stopped Message of the Day.
[[0;32m  OK  [0m] Stopped target System Time Synchronized.
[[0;32m  OK  [0m] Unmounted /var/lib/lxcfs.
[[0;32m  OK  [0m] Stopped System Logging Service.
[[0;32m  OK  [0m] Stopped ACPI event daemon.
[[0;32m  OK  [0m] Stopped Regular background program processing daemon.
[[0;32m  OK  [0m] Stopped Deferred execution scheduler.
[[0;32m  OK  [0m] Stopped Accounts Service.
[[0;32m  OK  [0m] Stopped Getty on tty1.
[[0;32m  OK  [0m] Stopped Serial Getty on ttyS0.
[[0;32m  OK  [0m] Stopped Authenticate and Authorize Users to Run Privileged Tasks.
[[0;32m  OK  [0m] Stopped OpenBSD Secure Shell server.
[[0;32m  OK  [0m] Stopped User Manager for UID 1000.
[[0;32m  OK  [0m] Stopped Session 4 of user vagrant.
[[0;32m  OK  [0m] Stopped D-Bus System Message Bus.
[[0;32m  OK  [0m] Stopped FUSE filesystem for LXC.
[[0;32m  OK  [0m] Stopped Login to default iSCSI targets.
[[0;32m  OK  [0m] Stopped LSB: MD monitoring daemon.
[[0;32m  OK  [0m] Stopped LSB: Record successful boot for GRUB.
[[0;32m  OK  [0m] Stopped LSB: daemon to balance interrupts for SMP systems.
[[0;32m  OK  [0m] Stopped LSB: Set the CPU Frequency Scaling governor to "ondemand".
[[0;32m  OK  [0m] Stopped LSB: automatic crash report generation.
[[0;32m  OK  [0m] Stopped LXD - container startup/shutdown.
         Stopping iSCSI initiator daemon (iscsid)...
[[0;32m  OK  [0m] Removed slice User Slice of vagrant.
         Stopping Login Service...
[[0;32m  OK  [0m] Removed slice system-serial\x2dgetty.slice.
         Stopping Permit User Sessions...
[[0;32m  OK  [0m] Stopped /etc/rc.local Compatibility.
[[0;32m  OK  [0m] Removed slice system-getty.slice.
[[0;32m  OK  [0m] Stopped Virtualbox guest utils.
[[0;32m  OK  [0m] Stopped iSCSI initiator daemon (iscsid).
[[0;32m  OK  [0m] Stopped Permit User Sessions.
[[0;32m  OK  [0m] Stopped target Remote File Systems.
[[0;32m  OK  [0m] Stopped Login Service.
[[0;32m  OK  [0m] Stopped target User and Group Name Lookups.
[[0;32m  OK  [0m] Stopped target Basic System.
[[0;32m  OK  [0m] Stopped target Paths.
[[0;32m  OK  [0m] Stopped ACPI Events Check.
[[0;32m  OK  [0m] Stopped Dispatch Password Requests to Console Directory Watch.
[[0;32m  OK  [0m] Stopped Forward Password Requests to Wall Directory Watch.
[[0;32m  OK  [0m] Stopped target Sockets.
[[0;32m  OK  [0m] Closed D-Bus System Message Bus Socket.
[[0;32m  OK  [0m] Closed ACPID Listen Socket.
[[0;32m  OK  [0m] Closed UUID daemon activation socket.
[[0;32m  OK  [0m] Closed LXD - unix socket.
[[0;32m  OK  [0m] Closed Socket activation for snappy daemon.
[[0;32m  OK  [0m] Closed Syslog Socket.
[[0;32m  OK  [0m] Stopped target Slices.
[[0;32m  OK  [0m] Stopped target System Initialization.
         Stopping Load/Save Random Seed...
[[0;32m  OK  [0m] Stopped target Swap.
[[0;32m  OK  [0m] Stopped Apply Kernel Variables.
[[0;32m  OK  [0m] Stopped Load Kernel Modules.
[[0;32m  OK  [0m] Stopped Initial cloud-init job (metadata service crawler).
[[0;32m  OK  [0m] Stopped Commit a transient machine-id on disk.
         Stopping Update UTMP about System Boot/Shutdown...
[[0;32m  OK  [0m] Stopped target Encrypted Volumes.
[[0;32m  OK  [0m] Removed slice User and Session Slice.
[[0;32m  OK  [0m] Stopped Load/Save Random Seed.
[[0;32m  OK  [0m] Stopped Update UTMP about System Boot/Shutdown.
[[0;32m  OK  [0m] Stopped Create Volatile Files and Directories.
[[0;32m  OK  [0m] Stopped target Local File Systems.
         Unmounting /run/user/1000...
         Unmounting /vagrant...
[[0;32m  OK  [0m] Unmounted /run/user/1000.
[[0;32m  OK  [0m] Unmounted /vagrant.
[[0;32m  OK  [0m] Reached target Unmount All Filesystems.
[[0;32m  OK  [0m] Stopped target Local File Systems (Pre).
         Stopping Monitoring of LVM2 mirrors... dmeventd or progress polling...
[[0;32m  OK  [0m] Stopped Create Static Device Nodes in /dev.
[[0;32m  OK  [0m] Stopped target Network.
[[0;32m  OK  [0m] Stopped target Network (Pre).
[[0;32m  OK  [0m] Stopped Initial cloud-init job (pre-networking).
[[0;32m  OK  [0m] Stopped Remount Root and Kernel File Systems.
[[0;32m  OK  [0m] Reached target Shutdown.
[  964.349443] reboot: Power down
